PS C:\Users\Owner\Desktop\My python> mkdir git_challenge


    ディレクトリ: C:\Users\Owner\Desktop\My python


Mode                 LastWriteTime         Length Name
----                 -------------         ------ ----
d-----        2024/02/12     14:47                git_challenge


PS C:\Users\Owner\Desktop\My python> cd git_challenge

PS C:\Users\Owner\Desktop\My python\git_challenge> New-Item -ItemType File -Name hello_world.txt


    ディレクトリ: C:\Users\Owner\Desktop\My python\git_challenge

----                 -------------         ------ ----
-a----        2024/02/12     15:01              0 hello_world.txt


PS C:\Users\Owner\Desktop\My python\git_challenge> ls


    ディレクトリ: C:\Users\Owner\Desktop\My python\git_challenge


Mode                 LastWriteTime         Length Name
----                 -------------         ------ ----
-a----        2024/02/12     15:01              0 hello_world.txt


PS C:\Users\Owner\Desktop\My python\git_challenge> git init
Initialized empty Git repository in C:/Users/Owner/Desktop/My python/git_challenge/.git/

PS C:\Users\Owner\Desktop\My python\git_challenge>  echo "Hello, world!" >> hello_world.txt
PS C:\Users\Owner\Desktop\My python\git_challenge> git add hello_world.txt
PS C:\Users\Owner\Desktop\My python\git_challenge> git commit -m "hello_world.txtを追加"
[main (root-commit) bcbb099] hello_world.txtを追加
 1 file changed, 0 insertions(+), 0 deletions(-)
 create mode 100644 hello_world.txt
PS C:\Users\Owner\Desktop\My python\git_challenge> echo "こんにちは、世界!" >> hello_world.txt
PS C:\Users\Owner\Desktop\My python\git_challenge> git add hello_world.txt
PS C:\Users\Owner\Desktop\My python\git_challenge> git commit -m "日本語訳を追記"       
[main d626cb1] 日本語訳を追記
 1 file changed, 0 insertions(+), 0 deletions(-)

PS C:\Users\Owner\Desktop\My python\git_challenge> git log --oneline
d626cb1 (HEAD -> main) 日本語訳を追記
bcbb099 hello_world.txtを追加


